Archive member included to satisfy reference by file (symbol)

/Applications/STM32CubeIDE.app/Contents/Eclipse/plugins/com.st.stm32cube.ide.mcu.externaltools.gnu-tools-for-stm32.12.3.rel1.macos64_1.0.100.202403111906/tools/bin/../lib/gcc/arm-none-eabi/12.3.1/../../../../arm-none-eabi/lib/thumb/v7e-m+fp/hard/libc_nano.a(libc_a-exit.o)
                              /Applications/STM32CubeIDE.app/Contents/Eclipse/plugins/com.st.stm32cube.ide.mcu.externaltools.gnu-tools-for-stm32.12.3.rel1.macos64_1.0.100.202403111906/tools/bin/../lib/gcc/arm-none-eabi/12.3.1/../../../../arm-none-eabi/lib/thumb/v7e-m+fp/hard/crt0.o (exit)
/Applications/STM32CubeIDE.app/Contents/Eclipse/plugins/com.st.stm32cube.ide.mcu.externaltools.gnu-tools-for-stm32.12.3.rel1.macos64_1.0.100.202403111906/tools/bin/../lib/gcc/arm-none-eabi/12.3.1/../../../../arm-none-eabi/lib/thumb/v7e-m+fp/hard/libc_nano.a(libc_a-findfp.o)
                              /Applications/STM32CubeIDE.app/Contents/Eclipse/plugins/com.st.stm32cube.ide.mcu.externaltools.gnu-tools-for-stm32.12.3.rel1.macos64_1.0.100.202403111906/tools/bin/../lib/gcc/arm-none-eabi/12.3.1/../../../../arm-none-eabi/lib/thumb/v7e-m+fp/hard/libc_nano.a(libc_a-exit.o) (__stdio_exit_handler)
/Applications/STM32CubeIDE.app/Contents/Eclipse/plugins/com.st.stm32cube.ide.mcu.externaltools.gnu-tools-for-stm32.12.3.rel1.macos64_1.0.100.202403111906/tools/bin/../lib/gcc/arm-none-eabi/12.3.1/../../../../arm-none-eabi/lib/thumb/v7e-m+fp/hard/libc_nano.a(libc_a-fwalk.o)
                              /Applications/STM32CubeIDE.app/Contents/Eclipse/plugins/com.st.stm32cube.ide.mcu.externaltools.gnu-tools-for-stm32.12.3.rel1.macos64_1.0.100.202403111906/tools/bin/../lib/gcc/arm-none-eabi/12.3.1/../../../../arm-none-eabi/lib/thumb/v7e-m+fp/hard/libc_nano.a(libc_a-findfp.o) (_fwalk_sglue)
/Applications/STM32CubeIDE.app/Contents/Eclipse/plugins/com.st.stm32cube.ide.mcu.externaltools.gnu-tools-for-stm32.12.3.rel1.macos64_1.0.100.202403111906/tools/bin/../lib/gcc/arm-none-eabi/12.3.1/../../../../arm-none-eabi/lib/thumb/v7e-m+fp/hard/libc_nano.a(libc_a-memset.o)
                              /Applications/STM32CubeIDE.app/Contents/Eclipse/plugins/com.st.stm32cube.ide.mcu.externaltools.gnu-tools-for-stm32.12.3.rel1.macos64_1.0.100.202403111906/tools/bin/../lib/gcc/arm-none-eabi/12.3.1/../../../../arm-none-eabi/lib/thumb/v7e-m+fp/hard/crt0.o (memset)
/Applications/STM32CubeIDE.app/Contents/Eclipse/plugins/com.st.stm32cube.ide.mcu.externaltools.gnu-tools-for-stm32.12.3.rel1.macos64_1.0.100.202403111906/tools/bin/../lib/gcc/arm-none-eabi/12.3.1/../../../../arm-none-eabi/lib/thumb/v7e-m+fp/hard/libc_nano.a(libc_a-impure.o)
                              /Applications/STM32CubeIDE.app/Contents/Eclipse/plugins/com.st.stm32cube.ide.mcu.externaltools.gnu-tools-for-stm32.12.3.rel1.macos64_1.0.100.202403111906/tools/bin/../lib/gcc/arm-none-eabi/12.3.1/../../../../arm-none-eabi/lib/thumb/v7e-m+fp/hard/libc_nano.a(libc_a-findfp.o) (_impure_data)
/Applications/STM32CubeIDE.app/Contents/Eclipse/plugins/com.st.stm32cube.ide.mcu.externaltools.gnu-tools-for-stm32.12.3.rel1.macos64_1.0.100.202403111906/tools/bin/../lib/gcc/arm-none-eabi/12.3.1/../../../../arm-none-eabi/lib/thumb/v7e-m+fp/hard/libc_nano.a(libc_a-errno.o)
                              ./Core/Src/syscalls.o (__errno)
/Applications/STM32CubeIDE.app/Contents/Eclipse/plugins/com.st.stm32cube.ide.mcu.externaltools.gnu-tools-for-stm32.12.3.rel1.macos64_1.0.100.202403111906/tools/bin/../lib/gcc/arm-none-eabi/12.3.1/../../../../arm-none-eabi/lib/thumb/v7e-m+fp/hard/libc_nano.a(libc_a-init.o)
                              /Applications/STM32CubeIDE.app/Contents/Eclipse/plugins/com.st.stm32cube.ide.mcu.externaltools.gnu-tools-for-stm32.12.3.rel1.macos64_1.0.100.202403111906/tools/bin/../lib/gcc/arm-none-eabi/12.3.1/../../../../arm-none-eabi/lib/thumb/v7e-m+fp/hard/crt0.o (__libc_init_array)
/Applications/STM32CubeIDE.app/Contents/Eclipse/plugins/com.st.stm32cube.ide.mcu.externaltools.gnu-tools-for-stm32.12.3.rel1.macos64_1.0.100.202403111906/tools/bin/../lib/gcc/arm-none-eabi/12.3.1/../../../../arm-none-eabi/lib/thumb/v7e-m+fp/hard/libc_nano.a(libc_a-lock.o)
                              /Applications/STM32CubeIDE.app/Contents/Eclipse/plugins/com.st.stm32cube.ide.mcu.externaltools.gnu-tools-for-stm32.12.3.rel1.macos64_1.0.100.202403111906/tools/bin/../lib/gcc/arm-none-eabi/12.3.1/../../../../arm-none-eabi/lib/thumb/v7e-m+fp/hard/libc_nano.a(libc_a-findfp.o) (__retarget_lock_init_recursive)
/Applications/STM32CubeIDE.app/Contents/Eclipse/plugins/com.st.stm32cube.ide.mcu.externaltools.gnu-tools-for-stm32.12.3.rel1.macos64_1.0.100.202403111906/tools/bin/../lib/gcc/arm-none-eabi/12.3.1/../../../../arm-none-eabi/lib/thumb/v7e-m+fp/hard/libc_nano.a(libc_a-mallocr.o)
[...]
Memory Configuration

Name             Origin             Length             Attributes
CCMRAM           0x10000000         0x00002000         xrw
RAM              0x20000000         0x0000a000         xrw
FLASH            0x08000000         0x00040000         xr
*default*        0x00000000         0xffffffff

Linker script and memory map

LOAD /Applications/STM32CubeIDE.app/Contents/Eclipse/plugins/com.st.stm32cube.ide.mcu.externaltools.gnu-tools-for-stm32.12.3.rel1.macos64_1.0.100.202403111906/tools/bin/../lib/gcc/arm-none-eabi/12.3.1/thumb/v7e-m+fp/hard/crti.o
LOAD /Applications/STM32CubeIDE.app/Contents/Eclipse/plugins/com.st.stm32cube.ide.mcu.externaltools.gnu-tools-for-stm32.12.3.rel1.macos64_1.0.100.202403111906/tools/bin/../lib/gcc/arm-none-eabi/12.3.1/thumb/v7e-m+fp/hard/crtbegin.o
LOAD /Applications/STM32CubeIDE.app/Contents/Eclipse/plugins/com.st.stm32cube.ide.mcu.externaltools.gnu-tools-for-stm32.12.3.rel1.macos64_1.0.100.202403111906/tools/bin/../lib/gcc/arm-none-eabi/12.3.1/../../../../arm-none-eabi/lib/thumb/v7e-m+fp/hard/crt0.o
LOAD ./Core/Src/KEYPAD.o
LOAD ./Core/Src/KEYPAD_cfg.o
LOAD ./Core/Src/fingerprint.o
LOAD ./Core/Src/main.o
LOAD ./Core/Src/ssd1306.o
LOAD ./Core/Src/ssd1306_font.o
LOAD ./Core/Src/stm32f3xx_hal_msp.o
LOAD ./Core/Src/stm32f3xx_it.o
LOAD ./Core/Src/syscalls.o
LOAD ./Core/Src/sysmem.o
LOAD ./Core/Src/system_stm32f3xx.o
LOAD ./Core/Startup/startup_stm32f303vctx.o
LOAD ./Drivers/STM32F3xx_HAL_Driver/Src/stm32f3xx_hal.o
LOAD ./Drivers/STM32F3xx_HAL_Driver/Src/stm32f3xx_hal_cortex.o
LOAD ./Drivers/STM32F3xx_HAL_Driver/Src/stm32f3xx_hal_dma.o
LOAD ./Drivers/STM32F3xx_HAL_Driver/Src/stm32f3xx_hal_exti.o
LOAD ./Drivers/STM32F3xx_HAL_Driver/Src/stm32f3xx_hal_flash.o
LOAD ./Drivers/STM32F3xx_HAL_Driver/Src/stm32f3xx_hal_flash_ex.o
LOAD ./Drivers/STM32F3xx_HAL_Driver/Src/stm32f3xx_hal_gpio.o
LOAD ./Drivers/STM32F3xx_HAL_Driver/Src/stm32f3xx_hal_i2c.o
LOAD ./Drivers/STM32F3xx_HAL_Driver/Src/stm32f3xx_hal_i2c_ex.o
LOAD ./Drivers/STM32F3xx_HAL_Driver/Src/stm32f3xx_hal_pwr.o
LOAD ./Drivers/STM32F3xx_HAL_Driver/Src/stm32f3xx_hal_pwr_ex.o
LOAD ./Drivers/STM32F3xx_HAL_Driver/Src/stm32f3xx_hal_rcc.o
LOAD ./Drivers/STM32F3xx_HAL_Driver/Src/stm32f3xx_hal_rcc_ex.o
LOAD ./Drivers/STM32F3xx_HAL_Driver/Src/stm32f3xx_hal_tim.o
LOAD ./Drivers/STM32F3xx_HAL_Driver/Src/stm32f3xx_hal_tim_ex.o
LOAD ./Drivers/STM32F3xx_HAL_Driver/Src/stm32f3xx_hal_uart.o
LOAD ./Drivers/STM32F3xx_HAL_Driver/Src/stm32f3xx_hal_uart_ex.o
START GROUP
LOAD /Applications/STM32CubeIDE.app/Contents/Eclipse/plugins/com.st.stm32cube.ide.mcu.externaltools.gnu-tools-for-stm32.12.3.rel1.macos64_1.0.100.202403111906/tools/bin/../lib/gcc/arm-none-eabi/12.3.1/../../../../arm-none-eabi/lib/thumb/v7e-m+fp/hard/libc_nano.a
LOAD /Applications/STM32CubeIDE.app/Contents/Eclipse/plugins/com.st.stm32cube.ide.mcu.externaltools.gnu-tools-for-stm32.12.3.rel1.macos64_1.0.100.202403111906/tools/bin/../lib/gcc/arm-none-eabi/12.3.1/../../../../arm-none-eabi/lib/thumb/v7e-m+fp/hard/libm.a
END GROUP
START GROUP
LOAD /Applications/STM32CubeIDE.app/Contents/Eclipse/plugins/com.st.stm32cube.ide.mcu.externaltools.gnu-tools-for-stm32.12.3.rel1.macos64_1.0.100.202403111906/tools/bin/../lib/gcc/arm-none-eabi/12.3.1/thumb/v7e-m+fp/hard/libgcc.a
LOAD /Applications/STM32CubeIDE.app/Contents/Eclipse/plugins/com.st.stm32cube.ide.mcu.externaltools.gnu-tools-for-stm32.12.3.rel1.macos64_1.0.100.202403111906/tools/bin/../lib/gcc/arm-none-eabi/12.3.1/../../../../arm-none-eabi/lib/thumb/v7e-m+fp/hard/libc_nano.a
END GROUP
START GROUP
LOAD /Applications/STM32CubeIDE.app/Contents/Eclipse/plugins/com.st.stm32cube.ide.mcu.externaltools.gnu-tools-for-stm32.12.3.rel1.macos64_1.0.100.202403111906/tools/bin/../lib/gcc/arm-none-eabi/12.3.1/thumb/v7e-m+fp/hard/libgcc.a
LOAD /Applications/STM32CubeIDE.app/Contents/Eclipse/plugins/com.st.stm32cube.ide.mcu.externaltools.gnu-tools-for-stm32.12.3.rel1.macos64_1.0.100.202403111906/tools/bin/../lib/gcc/arm-none-eabi/12.3.1/../../../../arm-none-eabi/lib/thumb/v7e-m+fp/hard/libc_nano.a
LOAD /Applications/STM32CubeIDE.app/Contents/Eclipse/plugins/com.st.stm32cube.ide.mcu.externaltools.gnu-tools-for-stm32.12.3.rel1.macos64_1.0.100.202403111906/tools/bin/../lib/gcc/arm-none-eabi/12.3.1/../../../../arm-none-eabi/lib/thumb/v7e-m+fp/hard/libnosys.a
END GROUP
START GROUP
LOAD /Applications/STM32CubeIDE.app/Contents/Eclipse/plugins/com.st.stm32cube.ide.mcu.externaltools.gnu-tools-for-stm32.12.3.rel1.macos64_1.0.100.202403111906/tools/bin/../lib/gcc/arm-none-eabi/12.3.1/thumb/v7e-m+fp/hard/libgcc.a
LOAD /Applications/STM32CubeIDE.app/Contents/Eclipse/plugins/com.st.stm32cube.ide.mcu.externaltools.gnu-tools-for-stm32.12.3.rel1.macos64_1.0.100.202403111906/tools/bin/../lib/gcc/arm-none-eabi/12.3.1/../../../../arm-none-eabi/lib/thumb/v7e-m+fp/hard/libc_nano.a
LOAD /Applications/STM32CubeIDE.app/Contents/Eclipse/plugins/com.st.stm32cube.ide.mcu.externaltools.gnu-tools-for-stm32.12.3.rel1.macos64_1.0.100.202403111906/tools/bin/../lib/gcc/arm-none-eabi/12.3.1/../../../../arm-none-eabi/lib/thumb/v7e-m+fp/hard/libnosys.a
END GROUP
LOAD /Applications/STM32CubeIDE.app/Contents/Eclipse/plugins/com.st.stm32cube.ide.mcu.externaltools.gnu-tools-for-stm32.12.3.rel1.macos64_1.0.100.202403111906/tools/bin/../lib/gcc/arm-none-eabi/12.3.1/thumb/v7e-m+fp/hard/crtend.o
LOAD /Applications/STM32CubeIDE.app/Contents/Eclipse/plugins/com.st.stm32cube.ide.mcu.externaltools.gnu-tools-for-stm32.12.3.rel1.macos64_1.0.100.202403111906/tools/bin/../lib/gcc/arm-none-eabi/12.3.1/thumb/v7e-m+fp/hard/crtn.o
                0x2000a000                        _estack = (ORIGIN (RAM) + LENGTH (RAM))
                0x00000200                        _Min_Heap_Size = 0x200
                0x00000400                        _Min_Stack_Size = 0x400

.isr_vector     0x08000000      0x188
                0x08000000                        . = ALIGN (0x4)
 *(.isr_vector)
 .isr_vector    0x08000000      0x188 ./Core/Startup/startup_stm32f303vctx.o
                0x08000000                g_pfnVectors
                0x08000188                        . = ALIGN (0x4)

.text           0x08000188     0x5d64
                0x08000188                        . = ALIGN (0x4)
 *(.text)
 .text          0x08000188       0x40 /Applications/STM32CubeIDE.app/Contents/Eclipse/plugins/com.st.stm32cube.ide.mcu.externaltools.gnu-tools-for-stm32.12.3.rel1.macos64_1.0.100.202403111906/tools/bin/../lib/gcc/arm-none-eabi/12.3.1/thumb/v7e-m+fp/hard/crtbegin.o
 *(.text*)
 .text.KEYPAD_Init
                0x080001c8      0x34c ./Core/Src/KEYPAD.o
                0x080001c8                KEYPAD_Init
 .text.KEYPAD_Scan
                0x08000514     0x1258 ./Core/Src/KEYPAD.o
                0x08000514                KEYPAD_Scan
 .text.SendFPHeader
                0x0800176c       0x20 ./Core/Src/fingerprint.o
                0x0800176c                SendFPHeader
 .text.SendFPGetImage
                0x0800178c       0x20 ./Core/Src/fingerprint.o
                0x0800178c                SendFPGetImage
 .text.SendFPCreateCharFile1
                0x080017ac       0x20 ./Core/Src/fingerprint.o
                0x080017ac                SendFPCreateCharFile1
 .text.SendFPDSearchFinger
                0x080017cc       0x20 ./Core/Src/fingerprint.o
                0x080017cc                SendFPDSearchFinger
 .text.SendFGetNumberOfFinger
                0x080017ec       0x20 ./Core/Src/fingerprint.o
                0x080017ec                SendFGetNumberOfFinger
 .text.CheckFPRespsone
                0x0800180c       0xc8 ./Core/Src/fingerprint.o
                0x0800180c                CheckFPRespsone
 .text.GetNumberOfFinger
                0x080018d4       0x34 ./Core/Src/fingerprint.o
                0x080018d4                GetNumberOfFinger
 .text.CheckFinger
                0x08001908       0x86 ./Core/Src/fingerprint.o
                0x08001908                CheckFinger
 *fill*         0x0800198e        0x2 
 .text.main     0x08001990      0x3f8 ./Core/Src/main.o
                0x08001990                main
 .text.SystemClock_Config
                0x08001d88       0xb0 ./Core/Src/main.o
                0x08001d88                SystemClock_Config
 .text.MX_I2C2_Init
                0x08001e38       0x7c ./Core/Src/main.o
 .text.MX_UART5_Init
                0x08001eb4       0x60 ./Core/Src/main.o
 .text.MX_GPIO_Init
                0x08001f14      0x1dc ./Core/Src/main.o
 .text.HAL_GPIO_EXTI_Callback
                0x080020f0      0x22c ./Core/Src/main.o
                0x080020f0                HAL_GPIO_EXTI_Callback
 .text.Error_Handler
                0x0800231c        0xc ./Core/Src/main.o
                0x0800231c                Error_Handler
 .text.ssd1306_write_command
                0x08002328       0x30 ./Core/Src/ssd1306.o
                0x08002328                ssd1306_write_command
 .text.ssd1306_write_data
                0x08002358       0x34 ./Core/Src/ssd1306.o
                0x08002358                ssd1306_write_data
 .text.charge_bump_setting
                0x0800238c       0x20 ./Core/Src/ssd1306.o
                0x0800238c                charge_bump_setting
 .text.set_contrast_control
                0x080023ac       0x20 ./Core/Src/ssd1306.o
                0x080023ac                set_contrast_control
 .text.entire_display_off
                0x080023cc        0xe ./Core/Src/ssd1306.o
                0x080023cc                entire_display_off
 .text.set_normal_display
                0x080023da        0xe ./Core/Src/ssd1306.o
                0x080023da                set_normal_display
 .text.set_display_on
                0x080023e8        0xe ./Core/Src/ssd1306.o
                0x080023e8                set_display_on
 .text.set_lower_column_start_address_for_page_addressing_mode
                0x080023f6       0x1a ./Core/Src/ssd1306.o
                0x080023f6                set_lower_column_start_address_for_page_addressing_mode
 .text.set_higher_column_start_address_for_page_addressing_mode
                0x08002410       0x1a ./Core/Src/ssd1306.o
                0x08002410                set_higher_column_start_address_for_page_addressing_mode
 .text.set_page_start_address_for_page_addressing_mode
                0x0800242a       0x1a ./Core/Src/ssd1306.o
                0x0800242a                set_page_start_address_for_page_addressing_mode
 .text.set_display_start_line
                0x08002444       0x1a ./Core/Src/ssd1306.o
                0x08002444                set_display_start_line
 .text.set_segment_remap
                0x0800245e       0x1a ./Core/Src/ssd1306.o
                0x0800245e                set_segment_remap
 .text.set_multiplex_ratio
                0x08002478       0x20 ./Core/Src/ssd1306.o
                0x08002478                set_multiplex_ratio
 .text.set_com_output_scan_direction
                0x08002498       0x1a ./Core/Src/ssd1306.o
                0x08002498                set_com_output_scan_direction
 .text.set_display_offset
                0x080024b2       0x20 ./Core/Src/ssd1306.o
                0x080024b2                set_display_offset
 .text.set_com_pins_hardware_config
                0x080024d2       0x3e ./Core/Src/ssd1306.o
                0x080024d2                set_com_pins_hardware_config
 .text.set_display_clock_divide_ratio_and_osc_freq
                0x08002510       0x36 ./Core/Src/ssd1306.o
                0x08002510                set_display_clock_divide_ratio_and_osc_freq
 .text.ssd1306_init
                0x08002546       0x5a ./Core/Src/ssd1306.o
                0x08002546                ssd1306_init
 .text.ssd1306_update_screen
                0x080025a0       0x50 ./Core/Src/ssd1306.o
                0x080025a0                ssd1306_update_screen
 .text.ssd1306_black_screen
                0x080025f0       0x34 ./Core/Src/ssd1306.o
                0x080025f0                ssd1306_black_screen
 .text.ssd1306_black_pixel
                0x08002624       0x58 ./Core/Src/ssd1306.o
                0x08002624                ssd1306_black_pixel
 .text.ssd1306_white_pixel
                0x0800267c       0x54 ./Core/Src/ssd1306.o
                0x0800267c                ssd1306_white_pixel
 .text.ssd1306_write_char
                0x080026d0       0xf0 ./Core/Src/ssd1306.o
                0x080026d0                ssd1306_write_char
 .text.ssd1306_write_string
                0x080027c0       0x64 ./Core/Src/ssd1306.o
                0x080027c0                ssd1306_write_string
 .text.ssd1306_set_cursor
                0x08002824       0x2c ./Core/Src/ssd1306.o
                0x08002824                ssd1306_set_cursor
 .text.ssd1306_enter
                0x08002850       0x2c ./Core/Src/ssd1306.o
                0x08002850                ssd1306_enter
 .text.HAL_MspInit
                0x0800287c       0x48 ./Core/Src/stm32f3xx_hal_msp.o
                0x0800287c                HAL_MspInit
 .text.HAL_I2C_MspInit
                0x080028c4       0x88 ./Core/Src/stm32f3xx_hal_msp.o
                0x080028c4                HAL_I2C_MspInit
 .text.HAL_UART_MspInit
                0x0800294c       0xc4 ./Core/Src/stm32f3xx_hal_msp.o
                0x0800294c                HAL_UART_MspInit
 .text.NMI_Handler
                0x08002a10        0x8 ./Core/Src/stm32f3xx_it.o
                0x08002a10                NMI_Handler
 .text.HardFault_Handler
                0x08002a18        0x8 ./Core/Src/stm32f3xx_it.o
                0x08002a18                HardFault_Handler
 .text.MemManage_Handler
                0x08002a20        0x8 ./Core/Src/stm32f3xx_it.o
                0x08002a20                MemManage_Handler
 .text.BusFault_Handler
                0x08002a28        0x8 ./Core/Src/stm32f3xx_it.o
                0x08002a28                BusFault_Handler
 .text.UsageFault_Handler
                0x08002a30        0x8 ./Core/Src/stm32f3xx_it.o
                0x08002a30                UsageFault_Handler
 .text.SVC_Handler
                0x08002a38        0xe ./Core/Src/stm32f3xx_it.o
                0x08002a38                SVC_Handler
 .text.DebugMon_Handler
                0x08002a46        0xe ./Core/Src/stm32f3xx_it.o
                0x08002a46                DebugMon_Handler
 .text.PendSV_Handler
                0x08002a54        0xe ./Core/Src/stm32f3xx_it.o
                0x08002a54                PendSV_Handler
 .text.SysTick_Handler
                0x08002a62        0xc ./Core/Src/stm32f3xx_it.o
                0x08002a62                SysTick_Handler
 .text.EXTI9_5_IRQHandler
                0x08002a6e       0x22 ./Core/Src/stm32f3xx_it.o
                0x08002a6e                EXTI9_5_IRQHandler
 .text.SystemInit
                0x08002a90       0x24 ./Core/Src/system_stm32f3xx.o
                0x08002a90                SystemInit
 .text.Reset_Handler
                0x08002ab4       0x50 ./Core/Startup/startup_stm32f303vctx.o
                0x08002ab4                Reset_Handler
 .text.Default_Handler
                0x08002b04        0x2 ./Core/Startup/startup_stm32f303vctx.o
                0x08002b04                TIM1_BRK_TIM15_IRQHandler
                0x08002b04                TIM8_TRG_COM_IRQHandler
                0x08002b04                TIM8_CC_IRQHandler
                0x08002b04                TIM1_CC_IRQHandler
                0x08002b04                USB_HP_IRQHandler
                0x08002b04                PVD_IRQHandler
                0x08002b04                TAMP_STAMP_IRQHandler
                0x08002b04                EXTI3_IRQHandler
                0x08002b04                USB_HP_CAN_TX_IRQHandler
                0x08002b04                EXTI0_IRQHandler
                0x08002b04                I2C2_EV_IRQHandler
                0x08002b04                FPU_IRQHandler
                0x08002b04                TIM1_UP_TIM16_IRQHandler
                0x08002b04                ADC1_2_IRQHandler
                0x08002b04                SPI1_IRQHandler
                0x08002b04                CAN_SCE_IRQHandler
                0x08002b04                TIM6_DAC_IRQHandler
                0x08002b04                TIM8_UP_IRQHandler
                0x08002b04                DMA2_Channel2_IRQHandler
                0x08002b04                DMA1_Channel4_IRQHandler
                0x08002b04                USART3_IRQHandler
                0x08002b04                DMA1_Channel7_IRQHandler
                0x08002b04                UART5_IRQHandler
                0x08002b04                ADC3_IRQHandler
                0x08002b04                TIM4_IRQHandler
                0x08002b04                CAN_RX1_IRQHandler
                0x08002b04                DMA2_Channel1_IRQHandler
                0x08002b04                I2C1_EV_IRQHandler
                0x08002b04                DMA1_Channel6_IRQHandler
                0x08002b04                UART4_IRQHandler
                0x08002b04                DMA2_Channel4_IRQHandler
                0x08002b04                TIM3_IRQHandler
                0x08002b04                RCC_IRQHandler
                0x08002b04                DMA1_Channel1_IRQHandler
                0x08002b04                Default_Handler
                0x08002b04                USBWakeUp_RMP_IRQHandler
                0x08002b04                EXTI15_10_IRQHandler
                0x08002b04                TIM7_IRQHandler
                0x08002b04                RTC_WKUP_IRQHandler
                0x08002b04                SPI2_IRQHandler
                0x08002b04                USB_LP_CAN_RX0_IRQHandler
                0x08002b04                DMA2_Channel5_IRQHandler
                0x08002b04                DMA1_Channel5_IRQHandler
                0x08002b04                USB_LP_IRQHandler
                0x08002b04                EXTI4_IRQHandler
                0x08002b04                TIM1_TRG_COM_TIM17_IRQHandler
                0x08002b04                DMA1_Channel3_IRQHandler
                0x08002b04                ADC4_IRQHandler
                0x08002b04                WWDG_IRQHandler
                0x08002b04                TIM2_IRQHandler
                0x08002b04                COMP7_IRQHandler
                0x08002b04                COMP1_2_3_IRQHandler
                0x08002b04                EXTI1_IRQHandler
                0x08002b04                USART2_IRQHandler
                0x08002b04                COMP4_5_6_IRQHandler
                0x08002b04                I2C2_ER_IRQHandler
                0x08002b04                DMA1_Channel2_IRQHandler
                0x08002b04                TIM8_BRK_IRQHandler
                0x08002b04                FLASH_IRQHandler
                0x08002b04                USART1_IRQHandler
                0x08002b04                SPI3_IRQHandler
                0x08002b04                I2C1_ER_IRQHandler
                0x08002b04                USBWakeUp_IRQHandler
                0x08002b04                DMA2_Channel3_IRQHandler
                0x08002b04                EXTI2_TSC_IRQHandler
                0x08002b04                RTC_Alarm_IRQHandler
 *fill*         0x08002b06        0x2 
 .text.HAL_Init
                0x08002b08       0x2c ./Drivers/STM32F3xx_HAL_Driver/Src/stm32f3xx_hal.o
                0x08002b08                HAL_Init
 .text.HAL_InitTick
                0x08002b34       0x60 ./Drivers/STM32F3xx_HAL_Driver/Src/stm32f3xx_hal.o
                0x08002b34                HAL_InitTick
 .text.HAL_IncTick
                0x08002b94       0x28 ./Drivers/STM32F3xx_HAL_Driver/Src/stm32f3xx_hal.o
                0x08002b94                HAL_IncTick
 .text.HAL_GetTick
                0x08002bbc       0x18 ./Drivers/STM32F3xx_HAL_Driver/Src/stm32f3xx_hal.o
                0x08002bbc                HAL_GetTick
 .text.HAL_Delay
                0x08002bd4       0x48 ./Drivers/STM32F3xx_HAL_Driver/Src/stm32f3xx_hal.o
                0x08002bd4                HAL_Delay
 .text.__NVIC_SetPriorityGrouping
                0x08002c1c       0x48 ./Drivers/STM32F3xx_HAL_Driver/Src/stm32f3xx_hal_cortex.o
 .text.__NVIC_GetPriorityGrouping
                0x08002c64       0x1c ./Drivers/STM32F3xx_HAL_Driver/Src/stm32f3xx_hal_cortex.o
 .text.__NVIC_EnableIRQ
                0x08002c80       0x3c ./Drivers/STM32F3xx_HAL_Driver/Src/stm32f3xx_hal_cortex.o
 .text.__NVIC_SetPriority
                0x08002cbc       0x54 ./Drivers/STM32F3xx_HAL_Driver/Src/stm32f3xx_hal_cortex.o
 .text.NVIC_EncodePriority
                0x08002d10       0x66 ./Drivers/STM32F3xx_HAL_Driver/Src/stm32f3xx_hal_cortex.o
 *fill*         0x08002d76        0x2 
 .text.SysTick_Config
                0x08002d78       0x44 ./Drivers/STM32F3xx_HAL_Driver/Src/stm32f3xx_hal_cortex.o
 .text.HAL_NVIC_SetPriorityGrouping
                0x08002dbc       0x16 ./Drivers/STM32F3xx_HAL_Driver/Src/stm32f3xx_hal_cortex.o
                0x08002dbc                HAL_NVIC_SetPriorityGrouping
 .text.HAL_NVIC_SetPriority
                0x08002dd2       0x38 ./Drivers/STM32F3xx_HAL_Driver/Src/stm32f3xx_hal_cortex.o
                0x08002dd2                HAL_NVIC_SetPriority
 .text.HAL_NVIC_EnableIRQ
                0x08002e0a       0x1c ./Drivers/STM32F3xx_HAL_Driver/Src/stm32f3xx_hal_cortex.o
                0x08002e0a                HAL_NVIC_EnableIRQ
 .text.HAL_SYSTICK_Config
                0x08002e26       0x18 ./Drivers/STM32F3xx_HAL_Driver/Src/stm32f3xx_hal_cortex.o
                0x08002e26                HAL_SYSTICK_Config
 *fill*         0x08002e3e        0x2 
 .text.HAL_GPIO_Init
                0x08002e40      0x2f4 ./Drivers/STM32F3xx_HAL_Driver/Src/stm32f3xx_hal_gpio.o
                0x08002e40                HAL_GPIO_Init
 .text.HAL_GPIO_ReadPin
                0x08003134       0x30 ./Drivers/STM32F3xx_HAL_Driver/Src/stm32f3xx_hal_gpio.o
                0x08003134                HAL_GPIO_ReadPin
 .text.HAL_GPIO_WritePin
                0x08003164       0x30 ./Drivers/STM32F3xx_HAL_Driver/Src/stm32f3xx_hal_gpio.o
                0x08003164                HAL_GPIO_WritePin
 .text.HAL_GPIO_TogglePin
                0x08003194       0x34 ./Drivers/STM32F3xx_HAL_Driver/Src/stm32f3xx_hal_gpio.o
                0x08003194                HAL_GPIO_TogglePin
 .text.HAL_GPIO_EXTI_IRQHandler
                0x080031c8       0x30 ./Drivers/STM32F3xx_HAL_Driver/Src/stm32f3xx_hal_gpio.o
                0x080031c8                HAL_GPIO_EXTI_IRQHandler
 .text.HAL_I2C_Init
                0x080031f8      0x136 ./Drivers/STM32F3xx_HAL_Driver/Src/stm32f3xx_hal_i2c.o
                0x080031f8                HAL_I2C_Init
 *fill*         0x0800332e        0x2 
 .text.HAL_I2C_Mem_Write
                0x08003330      0x228 ./Drivers/STM32F3xx_HAL_Driver/Src/stm32f3xx_hal_i2c.o
                0x08003330                HAL_I2C_Mem_Write
 .text.I2C_RequestMemoryWrite
                0x08003558       0xa8 ./Drivers/STM32F3xx_HAL_Driver/Src/stm32f3xx_hal_i2c.o
 .text.I2C_Flush_TXDR
                0x08003600       0x48 ./Drivers/STM32F3xx_HAL_Driver/Src/stm32f3xx_hal_i2c.o
 .text.I2C_WaitOnFlagUntilTimeout
                0x08003648       0xb2 ./Drivers/STM32F3xx_HAL_Driver/Src/stm32f3xx_hal_i2c.o
 .text.I2C_WaitOnTXISFlagUntilTimeout
                0x080036fa       0x8e ./Drivers/STM32F3xx_HAL_Driver/Src/stm32f3xx_hal_i2c.o
 .text.I2C_WaitOnSTOPFlagUntilTimeout
                0x08003788       0x86 ./Drivers/STM32F3xx_HAL_Driver/Src/stm32f3xx_hal_i2c.o
 *fill*         0x0800380e        0x2 
 .text.I2C_IsErrorOccurred
                0x08003810      0x1c0 ./Drivers/STM32F3xx_HAL_Driver/Src/stm32f3xx_hal_i2c.o
 .text.I2C_TransferConfig
                0x080039d0       0x64 ./Drivers/STM32F3xx_HAL_Driver/Src/stm32f3xx_hal_i2c.o
 .text.HAL_I2CEx_ConfigAnalogFilter
                0x08003a34       0x96 ./Drivers/STM32F3xx_HAL_Driver/Src/stm32f3xx_hal_i2c_ex.o
                0x08003a34                HAL_I2CEx_ConfigAnalogFilter
 .text.HAL_I2CEx_ConfigDigitalFilter
                0x08003aca       0x98 ./Drivers/STM32F3xx_HAL_Driver/Src/stm32f3xx_hal_i2c_ex.o
                0x08003aca                HAL_I2CEx_ConfigDigitalFilter
 *fill*         0x08003b62        0x2 
 .text.HAL_RCC_OscConfig
                0x08003b64     0x107c ./Drivers/STM32F3xx_HAL_Driver/Src/stm32f3xx_hal_rcc.o
                0x08003b64                HAL_RCC_OscConfig
 .text.HAL_RCC_ClockConfig
                0x08004be0      0x2f8 ./Drivers/STM32F3xx_HAL_Driver/Src/stm32f3xx_hal_rcc.o
                0x08004be0                HAL_RCC_ClockConfig
 .text.HAL_RCC_GetSysClockFreq
                0x08004ed8       0xa8 ./Drivers/STM32F3xx_HAL_Driver/Src/stm32f3xx_hal_rcc.o
                0x08004ed8                HAL_RCC_GetSysClockFreq
 .text.HAL_RCC_GetHCLKFreq
                0x08004f80       0x18 ./Drivers/STM32F3xx_HAL_Driver/Src/stm32f3xx_hal_rcc.o
                0x08004f80                HAL_RCC_GetHCLKFreq
 .text.HAL_RCC_GetPCLK1Freq
                0x08004f98       0x44 ./Drivers/STM32F3xx_HAL_Driver/Src/stm32f3xx_hal_rcc.o
                0x08004f98                HAL_RCC_GetPCLK1Freq
 .text.HAL_RCC_GetPCLK2Freq
                0x08004fdc       0x44 ./Drivers/STM32F3xx_HAL_Driver/Src/stm32f3xx_hal_rcc.o
                0x08004fdc                HAL_RCC_GetPCLK2Freq
 .text.HAL_RCCEx_PeriphCLKConfig
                0x08005020      0x360 ./Drivers/STM32F3xx_HAL_Driver/Src/stm32f3xx_hal_rcc_ex.o
                0x08005020                HAL_RCCEx_PeriphCLKConfig
 .text.HAL_UART_Init
                0x08005380       0x9c ./Drivers/STM32F3xx_HAL_Driver/Src/stm32f3xx_hal_uart.o
                0x08005380                HAL_UART_Init
 .text.HAL_UART_Transmit
                0x0800541c      0x112 ./Drivers/STM32F3xx_HAL_Driver/Src/stm32f3xx_hal_uart.o
                0x0800541c                HAL_UART_Transmit
 .text.HAL_UART_Receive
                0x0800552e      0x16c ./Drivers/STM32F3xx_HAL_Driver/Src/stm32f3xx_hal_uart.o
                0x0800552e                HAL_UART_Receive
 *fill*         0x0800569a        0x2 
 .text.UART_SetConfig
                0x0800569c      0x3a8 ./Drivers/STM32F3xx_HAL_Driver/Src/stm32f3xx_hal_uart.o
                0x0800569c                UART_SetConfig
 .text.UART_AdvFeatureConfig
                0x08005a44      0x144 ./Drivers/STM32F3xx_HAL_Driver/Src/stm32f3xx_hal_uart.o
                0x08005a44                UART_AdvFeatureConfig
 .text.UART_CheckIdleState
                0x08005b88      0x150 ./Drivers/STM32F3xx_HAL_Driver/Src/stm32f3xx_hal_uart.o
                0x08005b88                UART_CheckIdleState
 .text.UART_WaitOnFlagUntilTimeout
                0x08005cd8       0xda ./Drivers/STM32F3xx_HAL_Driver/Src/stm32f3xx_hal_uart.o
                0x08005cd8                UART_WaitOnFlagUntilTimeout
 .text.UART_EndRxTransfer
                0x08005db2       0xc8 ./Drivers/STM32F3xx_HAL_Driver/Src/stm32f3xx_hal_uart.o
 .text.memset   0x08005e7a       0x10 /Applications/STM32CubeIDE.app/Contents/Eclipse/plugins/com.st.stm32cube.ide.mcu.externaltools.gnu-tools-for-stm32.12.3.rel1.macos64_1.0.100.202403111906/tools/bin/../lib/gcc/arm-none-eabi/12.3.1/../../../../arm-none-eabi/lib/thumb/v7e-m+fp/hard/libc_nano.a(libc_a-memset.o)
                0x08005e7a                memset
 *fill*         0x08005e8a        0x2 
 .text.__libc_init_array
                0x08005e8c       0x48 /Applications/STM32CubeIDE.app/Contents/Eclipse/plugins/com.st.stm32cube.ide.mcu.externaltools.gnu-tools-for-stm32.12.3.rel1.macos64_1.0.100.202403111906/tools/bin/../lib/gcc/arm-none-eabi/12.3.1/../../../../arm-none-eabi/lib/thumb/v7e-m+fp/hard/libc_nano.a(libc_a-init.o)
                0x08005e8c                __libc_init_array
 *(.glue_7)
 .glue_7        0x08005ed4        0x0 linker stubs
 *(.glue_7t)
 .glue_7t       0x08005ed4        0x0 linker stubs
 *(.eh_frame)
 .eh_frame      0x08005ed4        0x0 /Applications/STM32CubeIDE.app/Contents/Eclipse/plugins/com.st.stm32cube.ide.mcu.externaltools.gnu-tools-for-stm32.12.3.rel1.macos64_1.0.100.202403111906/tools/bin/../lib/gcc/arm-none-eabi/12.3.1/thumb/v7e-m+fp/hard/crtbegin.o
 *(.init)
 .init          0x08005ed4        0x4 /Applications/STM32CubeIDE.app/Contents/Eclipse/plugins/com.st.stm32cube.ide.mcu.externaltools.gnu-tools-for-stm32.12.3.rel1.macos64_1.0.100.202403111906/tools/bin/../lib/gcc/arm-none-eabi/12.3.1/thumb/v7e-m+fp/hard/crti.o
                0x08005ed4                _init
 .init          0x08005ed8        0x8 /Applications/STM32CubeIDE.app/Contents/Eclipse/plugins/com.st.stm32cube.ide.mcu.externaltools.gnu-tools-for-stm32.12.3.rel1.macos64_1.0.100.202403111906/tools/bin/../lib/gcc/arm-none-eabi/12.3.1/thumb/v7e-m+fp/hard/crtn.o
 *(.fini)
 .fini          0x08005ee0        0x4 /Applications/STM32CubeIDE.app/Contents/Eclipse/plugins/com.st.stm32cube.ide.mcu.externaltools.gnu-tools-for-stm32.12.3.rel1.macos64_1.0.100.202403111906/tools/bin/../lib/gcc/arm-none-eabi/12.3.1/thumb/v7e-m+fp/hard/crti.o
                0x08005ee0                _fini
 .fini          0x08005ee4        0x8 /Applications/STM32CubeIDE.app/Contents/Eclipse/plugins/com.st.stm32cube.ide.mcu.externaltools.gnu-tools-for-stm32.12.3.rel1.macos64_1.0.100.202403111906/tools/bin/../lib/gcc/arm-none-eabi/12.3.1/thumb/v7e-m+fp/hard/crtn.o
                0x08005eec                        . = ALIGN (0x4)
                0x08005eec                        _etext = .

.vfp11_veneer   0x08005eec        0x0
 .vfp11_veneer  0x08005eec        0x0 linker stubs

.v4_bx          0x08005eec        0x0
 .v4_bx         0x08005eec        0x0 linker stubs

.iplt           0x08005eec        0x0
 .iplt          0x08005eec        0x0 /Applications/STM32CubeIDE.app/Contents/Eclipse/plugins/com.st.stm32cube.ide.mcu.externaltools.gnu-tools-for-stm32.12.3.rel1.macos64_1.0.100.202403111906/tools/bin/../lib/gcc/arm-none-eabi/12.3.1/thumb/v7e-m+fp/hard/crtbegin.o

.rodata         0x08005eec     0x2134
                0x08005eec                        . = ALIGN (0x4)
 *(.rodata)
 .rodata        0x08005eec       0x23 ./Core/Src/main.o
 *(.rodata*)
 *fill*         0x08005f0f        0x1 
 .rodata.KEYPAD_CfgParam
                0x08005f10       0x30 ./Core/Src/KEYPAD_cfg.o
                0x08005f10                KEYPAD_CfgParam
 .rodata.font11x18_data
                0x08005f40      0xd5c ./Core/Src/ssd1306_font.o
 .rodata.font16x26_data
                0x08006c9c     0x134c ./Core/Src/ssd1306_font.o
 .rodata.AHBPrescTable
                0x08007fe8       0x10 ./Core/Src/system_stm32f3xx.o
                0x08007fe8                AHBPrescTable
 .rodata.APBPrescTable
                0x08007ff8        0x8 ./Core/Src/system_stm32f3xx.o
                0x08007ff8                APBPrescTable
 .rodata.aPLLMULFactorTable
                0x08008000       0x10 ./Drivers/STM32F3xx_HAL_Driver/Src/stm32f3xx_hal_rcc.o
 .rodata.aPredivFactorTable
                0x08008010       0x10 ./Drivers/STM32F3xx_HAL_Driver/Src/stm32f3xx_hal_rcc.o
                0x08008020                        . = ALIGN (0x4)

.ARM.extab      0x08008020        0x0
                0x08008020                        . = ALIGN (0x4)
 *(.ARM.extab* .gnu.linkonce.armextab.*)
                0x08008020                        . = ALIGN (0x4)

.ARM            0x08008020        0x0
                0x08008020                        . = ALIGN (0x4)
                0x08008020                        __exidx_start = .
 *(.ARM.exidx*)
                0x08008020                        __exidx_end = .
                0x08008020                        . = ALIGN (0x4)

.preinit_array  0x08008020        0x0
                0x08008020                        . = ALIGN (0x4)
                0x08008020                        PROVIDE (__preinit_array_start = .)
 *(.preinit_array*)
                0x08008020                        PROVIDE (__preinit_array_end = .)
                0x08008020                        . = ALIGN (0x4)

.init_array     0x08008020        0x4
                0x08008020                        . = ALIGN (0x4)
                0x08008020                        PROVIDE (__init_array_start = .)
 *(SORT_BY_NAME(.init_array.*))
 *(.init_array*)
 .init_array    0x08008020        0x4 /Applications/STM32CubeIDE.app/Contents/Eclipse/plugins/com.st.stm32cube.ide.mcu.externaltools.gnu-tools-for-stm32.12.3.rel1.macos64_1.0.100.202403111906/tools/bin/../lib/gcc/arm-none-eabi/12.3.1/thumb/v7e-m+fp/hard/crtbegin.o
                0x08008024                        PROVIDE (__init_array_end = .)
                0x08008024                        . = ALIGN (0x4)

.fini_array     0x08008024        0x4
                0x08008024                        . = ALIGN (0x4)
                [!provide]                        PROVIDE (__fini_array_start = .)
 *(SORT_BY_NAME(.fini_array.*))
 *(.fini_array*)
 .fini_array    0x08008024        0x4 /Applications/STM32CubeIDE.app/Contents/Eclipse/plugins/com.st.stm32cube.ide.mcu.externaltools.gnu-tools-for-stm32.12.3.rel1.macos64_1.0.100.202403111906/tools/bin/../lib/gcc/arm-none-eabi/12.3.1/thumb/v7e-m+fp/hard/crtbegin.o
                [!provide]                        PROVIDE (__fini_array_end = .)
                0x08008028                        . = ALIGN (0x4)
                0x08008028                        _sidata = LOADADDR (.data)

.rel.dyn        0x08008028        0x0
 .rel.iplt      0x08008028        0x0 /Applications/STM32CubeIDE.app/Contents/Eclipse/plugins/com.st.stm32cube.ide.mcu.externaltools.gnu-tools-for-stm32.12.3.rel1.macos64_1.0.100.202403111906/tools/bin/../lib/gcc/arm-none-eabi/12.3.1/thumb/v7e-m+fp/hard/crtbegin.o

.data           0x20000000       0x4c load address 0x08008028
                0x20000000                        . = ALIGN (0x4)
                0x20000000                        _sdata = .
 *(.data)
 *(.data*)
 .data.FPHeader
                0x20000000        0x6 ./Core/Src/fingerprint.o
                0x20000000                FPHeader
 *fill*         0x20000006        0x2 
 .data.FPGetImage
                0x20000008        0x6 ./Core/Src/fingerprint.o
                0x20000008                FPGetImage
 *fill*         0x2000000e        0x2 
 .data.FPCreateCharFile1
                0x20000010        0x7 ./Core/Src/fingerprint.o
                0x20000010                FPCreateCharFile1
 *fill*         0x20000017        0x1 
 .data.FPSearchFinger
                0x20000018        0xb ./Core/Src/fingerprint.o
                0x20000018                FPSearchFinger
 *fill*         0x20000023        0x1 
 .data.FPGetNumberOfFinger
                0x20000024        0x6 ./Core/Src/fingerprint.o
                0x20000024                FPGetNumberOfFinger
 *fill*         0x2000002a        0x2 
 .data.correct_psw
                0x2000002c        0x4 ./Core/Src/main.o
                0x2000002c                correct_psw
 .data.font11x18
                0x20000030        0x8 ./Core/Src/ssd1306_font.o
                0x20000030                font11x18
 .data.font16x26
                0x20000038        0x8 ./Core/Src/ssd1306_font.o
                0x20000038                font16x26
 .data.SystemCoreClock
                0x20000040        0x4 ./Core/Src/system_stm32f3xx.o
                0x20000040                SystemCoreClock
 .data.uwTickPrio
                0x20000044        0x4 ./Drivers/STM32F3xx_HAL_Driver/Src/stm32f3xx_hal.o
                0x20000044                uwTickPrio
 .data.uwTickFreq
                0x20000048        0x1 ./Drivers/STM32F3xx_HAL_Driver/Src/stm32f3xx_hal.o
                0x20000048                uwTickFreq
 *(.RamFunc)
 *(.RamFunc*)
                0x2000004c                        . = ALIGN (0x4)
 *fill*         0x20000049        0x3 
                0x2000004c                        _edata = .
                0x08008074                        _siccmram = LOADADDR (.ccmram)

.igot.plt       0x2000004c        0x0 load address 0x08008074
 .igot.plt      0x2000004c        0x0 /Applications/STM32CubeIDE.app/Contents/Eclipse/plugins/com.st.stm32cube.ide.mcu.externaltools.gnu-tools-for-stm32.12.3.rel1.macos64_1.0.100.202403111906/tools/bin/../lib/gcc/arm-none-eabi/12.3.1/thumb/v7e-m+fp/hard/crtbegin.o

.ccmram         0x10000000        0x0 load address 0x08008074
                0x10000000                        . = ALIGN (0x4)
                0x10000000                        _sccmram = .
 *(.ccmram)
 *(.ccmram*)
                0x10000000                        . = ALIGN (0x4)
                0x10000000                        _eccmram = .
                0x10000000                        . = ALIGN (0x4)

.bss            0x2000004c      0x524
                0x2000004c                        _sbss = .
                0x2000004c                        __bss_start__ = _sbss
 *(.bss)
 .bss           0x2000004c       0x1c /Applications/STM32CubeIDE.app/Contents/Eclipse/plugins/com.st.stm32cube.ide.mcu.externaltools.gnu-tools-for-stm32.12.3.rel1.macos64_1.0.100.202403111906/tools/bin/../lib/gcc/arm-none-eabi/12.3.1/thumb/v7e-m+fp/hard/crtbegin.o
 *(.bss*)
 .bss.gs_KEYPAD_info
                0x20000068        0x4 ./Core/Src/KEYPAD.o
 .bss.hi2c2     0x2000006c       0x54 ./Core/Src/main.o
                0x2000006c                hi2c2
 .bss.huart5    0x200000c0       0x88 ./Core/Src/main.o
                0x200000c0                huart5
 .bss.gu8_KeyStatesArr
                0x20000148       0x10 ./Core/Src/main.o
                0x20000148                gu8_KeyStatesArr
 .bss.password  0x20000158        0x4 ./Core/Src/main.o
                0x20000158                password
 .bss.counter   0x2000015c        0x1 ./Core/Src/main.o
                0x2000015c                counter
 .bss.keypress  0x2000015d        0x1 ./Core/Src/main.o
                0x2000015d                keypress
 .bss.IDFromFinger
                0x2000015e        0x1 ./Core/Src/main.o
                0x2000015e                IDFromFinger
 .bss.CurrentNumberFinger
                0x2000015f        0x1 ./Core/Src/main.o
                0x2000015f                CurrentNumberFinger
 .bss.ssd1306_buffer
                0x20000160      0x400 ./Core/Src/ssd1306.o
 .bss.cursor    0x20000560        0x2 ./Core/Src/ssd1306.o
 *fill*         0x20000562        0x2 
 .bss.current_font
                0x20000564        0x8 ./Core/Src/ssd1306.o
                0x20000564                current_font
 .bss.uwTick    0x2000056c        0x4 ./Drivers/STM32F3xx_HAL_Driver/Src/stm32f3xx_hal.o
                0x2000056c                uwTick
 *(COMMON)
                0x20000570                        . = ALIGN (0x4)
                0x20000570                        _ebss = .
                0x20000570                        __bss_end__ = _ebss

._user_heap_stack
                0x20000570      0x600
                0x20000570                        . = ALIGN (0x8)
                [!provide]                        PROVIDE (end = .)
                0x20000570                        PROVIDE (_end = .)
                0x20000770                        . = (. + _Min_Heap_Size)
 *fill*         0x20000570      0x200 
                0x20000b70                        . = (. + _Min_Stack_Size)
 *fill*         0x20000770      0x400 
                0x20000b70                        . = ALIGN (0x8)

/DISCARD/
 libc.a(*)
 libm.a(*)
 libgcc.a(*)

.ARM.attributes
                0x00000000       0x30
 *(.ARM.attributes)
 .ARM.attributes
                0x00000000       0x22 /Applications/STM32CubeIDE.app/Contents/Eclipse/plugins/com.st.stm32cube.ide.mcu.externaltools.gnu-tools-for-stm32.12.3.rel1.macos64_1.0.100.202403111906/tools/bin/../lib/gcc/arm-none-eabi/12.3.1/thumb/v7e-m+fp/hard/crti.o
 .ARM.attributes
                0x00000022       0x34 /Applications/STM32CubeIDE.app/Contents/Eclipse/plugins/com.st.stm32cube.ide.mcu.externaltools.gnu-tools-for-stm32.12.3.rel1.macos64_1.0.100.202403111906/tools/bin/../lib/gcc/arm-none-eabi/12.3.1/thumb/v7e-m+fp/hard/crtbegin.o
 .ARM.attributes
                0x00000056       0x34 ./Core/Src/KEYPAD.o
 .ARM.attributes
                0x0000008a       0x34 ./Core/Src/KEYPAD_cfg.o
 .ARM.attributes
                0x000000be       0x34 ./Core/Src/fingerprint.o
 .ARM.attributes
                0x000000f2       0x34 ./Core/Src/main.o
 .ARM.attributes
                0x00000126       0x34 ./Core/Src/ssd1306.o
 .ARM.attributes
                0x0000015a       0x34 ./Core/Src/ssd1306_font.o
 .ARM.attributes
                0x0000018e       0x34 ./Core/Src/stm32f3xx_hal_msp.o
 .ARM.attributes
                0x000001c2       0x34 ./Core/Src/stm32f3xx_it.o
 .ARM.attributes
                0x000001f6       0x34 ./Core/Src/system_stm32f3xx.o
 .ARM.attributes
                0x0000022a       0x21 ./Core/Startup/startup_stm32f303vctx.o
 .ARM.attributes
                0x0000024b       0x34 ./Drivers/STM32F3xx_HAL_Driver/Src/stm32f3xx_hal.o
 .ARM.attributes
                0x0000027f       0x34 ./Drivers/STM32F3xx_HAL_Driver/Src/stm32f3xx_hal_cortex.o
 .ARM.attributes
                0x000002b3       0x34 ./Drivers/STM32F3xx_HAL_Driver/Src/stm32f3xx_hal_gpio.o
 .ARM.attributes
                0x000002e7       0x34 ./Drivers/STM32F3xx_HAL_Driver/Src/stm32f3xx_hal_i2c.o
 .ARM.attributes
                0x0000031b       0x34 ./Drivers/STM32F3xx_HAL_Driver/Src/stm32f3xx_hal_i2c_ex.o
 .ARM.attributes
                0x0000034f       0x34 ./Drivers/STM32F3xx_HAL_Driver/Src/stm32f3xx_hal_rcc.o
 .ARM.attributes
                0x00000383       0x34 ./Drivers/STM32F3xx_HAL_Driver/Src/stm32f3xx_hal_rcc_ex.o
 .ARM.attributes
                0x000003b7       0x34 ./Drivers/STM32F3xx_HAL_Driver/Src/stm32f3xx_hal_uart.o
 .ARM.attributes
                0x000003eb       0x34 /Applications/STM32CubeIDE.app/Contents/Eclipse/plugins/com.st.stm32cube.ide.mcu.externaltools.gnu-tools-for-stm32.12.3.rel1.macos64_1.0.100.202403111906/tools/bin/../lib/gcc/arm-none-eabi/12.3.1/../../../../arm-none-eabi/lib/thumb/v7e-m+fp/hard/libc_nano.a(libc_a-memset.o)
 .ARM.attributes
                0x0000041f       0x34 /Applications/STM32CubeIDE.app/Contents/Eclipse/plugins/com.st.stm32cube.ide.mcu.externaltools.gnu-tools-for-stm32.12.3.rel1.macos64_1.0.100.202403111906/tools/bin/../lib/gcc/arm-none-eabi/12.3.1/../../../../arm-none-eabi/lib/thumb/v7e-m+fp/hard/libc_nano.a(libc_a-init.o)
 .ARM.attributes
                0x00000453       0x22 /Applications/STM32CubeIDE.app/Contents/Eclipse/plugins/com.st.stm32cube.ide.mcu.externaltools.gnu-tools-for-stm32.12.3.rel1.macos64_1.0.100.202403111906/tools/bin/../lib/gcc/arm-none-eabi/12.3.1/thumb/v7e-m+fp/hard/crtn.o
OUTPUT(strongbox.elf elf32-littlearm)
LOAD linker stubs
LOAD /Applications/STM32CubeIDE.app/Contents/Eclipse/plugins/com.st.stm32cube.ide.mcu.externaltools.gnu-tools-for-stm32.12.3.rel1.macos64_1.0.100.202403111906/tools/bin/../lib/gcc/arm-none-eabi/12.3.1/../../../../arm-none-eabi/lib/thumb/v7e-m+fp/hard/libc.a
LOAD /Applications/STM32CubeIDE.app/Contents/Eclipse/plugins/com.st.stm32cube.ide.mcu.externaltools.gnu-tools-for-stm32.12.3.rel1.macos64_1.0.100.202403111906/tools/bin/../lib/gcc/arm-none-eabi/12.3.1/../../../../arm-none-eabi/lib/thumb/v7e-m+fp/hard/libm.a
LOAD /Applications/STM32CubeIDE.app/Contents/Eclipse/plugins/com.st.stm32cube.ide.mcu.externaltools.gnu-tools-for-stm32.12.3.rel1.macos64_1.0.100.202403111906/tools/bin/../lib/gcc/arm-none-eabi/12.3.1/thumb/v7e-m+fp/hard/libgcc.a

.debug_info     0x00000000     0xde73
 .debug_info    0x00000000      0x57e ./Core/Src/KEYPAD.o
 .debug_info    0x0000057e      0x1de ./Core/Src/KEYPAD_cfg.o
 .debug_info    0x0000075c      0xb56 ./Core/Src/fingerprint.o
 .debug_info    0x000012b2     0x1441 ./Core/Src/main.o
 .debug_info    0x000026f3      0xc26 ./Core/Src/ssd1306.o
 .debug_info    0x00003319      0x1d5 ./Core/Src/ssd1306_font.o
 .debug_info    0x000034ee      0xc86 ./Core/Src/stm32f3xx_hal_msp.o
 .debug_info    0x00004174      0x14c ./Core/Src/stm32f3xx_it.o
 .debug_info    0x000042c0      0x407 ./Core/Src/system_stm32f3xx.o
 .debug_info    0x000046c7       0x30 ./Core/Startup/startup_stm32f303vctx.o
 .debug_info    0x000046f7      0x7d4 ./Drivers/STM32F3xx_HAL_Driver/Src/stm32f3xx_hal.o
 .debug_info    0x00004ecb      0xce4 ./Drivers/STM32F3xx_HAL_Driver/Src/stm32f3xx_hal_cortex.o
 .debug_info    0x00005baf      0x5fe ./Drivers/STM32F3xx_HAL_Driver/Src/stm32f3xx_hal_gpio.o
 .debug_info    0x000061ad     0x20c3 ./Drivers/STM32F3xx_HAL_Driver/Src/stm32f3xx_hal_i2c.o
 .debug_info    0x00008270      0x818 ./Drivers/STM32F3xx_HAL_Driver/Src/stm32f3xx_hal_i2c_ex.o
 .debug_info    0x00008a88     0x148a ./Drivers/STM32F3xx_HAL_Driver/Src/stm32f3xx_hal_rcc.o
 .debug_info    0x00009f12      0x5b9 ./Drivers/STM32F3xx_HAL_Driver/Src/stm32f3xx_hal_rcc_ex.o
 .debug_info    0x0000a4cb     0x39a8 ./Drivers/STM32F3xx_HAL_Driver/Src/stm32f3xx_hal_uart.o

.debug_abbrev   0x00000000     0x2272
 .debug_abbrev  0x00000000      0x1c1 ./Core/Src/KEYPAD.o
 .debug_abbrev  0x000001c1       0xd9 ./Core/Src/KEYPAD_cfg.o
 .debug_abbrev  0x0000029a      0x299 ./Core/Src/fingerprint.o
 .debug_abbrev  0x00000533      0x30d ./Core/Src/main.o
 .debug_abbrev  0x00000840      0x2cb ./Core/Src/ssd1306.o
 .debug_abbrev  0x00000b0b       0xc4 ./Core/Src/ssd1306_font.o
 .debug_abbrev  0x00000bcf      0x1b4 ./Core/Src/stm32f3xx_hal_msp.o
 .debug_abbrev  0x00000d83       0xa0 ./Core/Src/stm32f3xx_it.o
 .debug_abbrev  0x00000e23      0x11a ./Core/Src/system_stm32f3xx.o
 .debug_abbrev  0x00000f3d       0x24 ./Core/Startup/startup_stm32f303vctx.o
 .debug_abbrev  0x00000f61      0x215 ./Drivers/STM32F3xx_HAL_Driver/Src/stm32f3xx_hal.o
 .debug_abbrev  0x00001176      0x31e ./Drivers/STM32F3xx_HAL_Driver/Src/stm32f3xx_hal_cortex.o
 .debug_abbrev  0x00001494      0x1ca ./Drivers/STM32F3xx_HAL_Driver/Src/stm32f3xx_hal_gpio.o
 .debug_abbrev  0x0000165e      0x260 ./Drivers/STM32F3xx_HAL_Driver/Src/stm32f3xx_hal_i2c.o
 .debug_abbrev  0x000018be      0x1c2 ./Drivers/STM32F3xx_HAL_Driver/Src/stm32f3xx_hal_i2c_ex.o
 .debug_abbrev  0x00001a80      0x300 ./Drivers/STM32F3xx_HAL_Driver/Src/stm32f3xx_hal_rcc.o
 .debug_abbrev  0x00001d80      0x221 ./Drivers/STM32F3xx_HAL_Driver/Src/stm32f3xx_hal_rcc_ex.o
 .debug_abbrev  0x00001fa1      0x2d1 ./Drivers/STM32F3xx_HAL_Driver/Src/stm32f3xx_hal_uart.o

.debug_aranges  0x00000000      0xba8
 .debug_aranges
                0x00000000       0x28 ./Core/Src/KEYPAD.o
 .debug_aranges
                0x00000028       0x18 ./Core/Src/KEYPAD_cfg.o
 .debug_aranges
                0x00000040       0xa0 ./Core/Src/fingerprint.o
 .debug_aranges
                0x000000e0       0x50 ./Core/Src/main.o
 .debug_aranges
                0x00000130      0x138 ./Core/Src/ssd1306.o
 .debug_aranges
                0x00000268       0x18 ./Core/Src/ssd1306_font.o
 .debug_aranges
                0x00000280       0x40 ./Core/Src/stm32f3xx_hal_msp.o
 .debug_aranges
                0x000002c0       0x68 ./Core/Src/stm32f3xx_it.o
 .debug_aranges
                0x00000328       0x28 ./Core/Src/system_stm32f3xx.o
 .debug_aranges
                0x00000350       0x28 ./Core/Startup/startup_stm32f303vctx.o
 .debug_aranges
                0x00000378       0xe0 ./Drivers/STM32F3xx_HAL_Driver/Src/stm32f3xx_hal.o
 .debug_aranges
                0x00000458      0x128 ./Drivers/STM32F3xx_HAL_Driver/Src/stm32f3xx_hal_cortex.o
 .debug_aranges
                0x00000580       0x58 ./Drivers/STM32F3xx_HAL_Driver/Src/stm32f3xx_hal_gpio.o
 .debug_aranges
                0x000005d8      0x2a0 ./Drivers/STM32F3xx_HAL_Driver/Src/stm32f3xx_hal_i2c.o
 .debug_aranges
                0x00000878       0x48 ./Drivers/STM32F3xx_HAL_Driver/Src/stm32f3xx_hal_i2c_ex.o
 .debug_aranges
                0x000008c0       0x88 ./Drivers/STM32F3xx_HAL_Driver/Src/stm32f3xx_hal_rcc.o
 .debug_aranges
                0x00000948       0x38 ./Drivers/STM32F3xx_HAL_Driver/Src/stm32f3xx_hal_rcc_ex.o
 .debug_aranges
                0x00000980      0x228 ./Drivers/STM32F3xx_HAL_Driver/Src/stm32f3xx_hal_uart.o

.debug_rnglists
                0x00000000      0x8df
 .debug_rnglists
                0x00000000       0x1b ./Core/Src/KEYPAD.o
 .debug_rnglists
                0x0000001b       0x79 ./Core/Src/fingerprint.o
 .debug_rnglists
                0x00000094       0x3b ./Core/Src/main.o
 .debug_rnglists
                0x000000cf       0xe6 ./Core/Src/ssd1306.o
 .debug_rnglists
                0x000001b5       0x2d ./Core/Src/stm32f3xx_hal_msp.o
 .debug_rnglists
                0x000001e2       0x49 ./Core/Src/stm32f3xx_it.o
 .debug_rnglists
                0x0000022b       0x1a ./Core/Src/system_stm32f3xx.o
 .debug_rnglists
                0x00000245       0x19 ./Core/Startup/startup_stm32f303vctx.o
 .debug_rnglists
                0x0000025e       0xa3 ./Drivers/STM32F3xx_HAL_Driver/Src/stm32f3xx_hal.o
 .debug_rnglists
                0x00000301       0xda ./Drivers/STM32F3xx_HAL_Driver/Src/stm32f3xx_hal_cortex.o
 .debug_rnglists
                0x000003db       0x3f ./Drivers/STM32F3xx_HAL_Driver/Src/stm32f3xx_hal_gpio.o
 .debug_rnglists
                0x0000041a      0x228 ./Drivers/STM32F3xx_HAL_Driver/Src/stm32f3xx_hal_i2c.o
 .debug_rnglists
                0x00000642       0x35 ./Drivers/STM32F3xx_HAL_Driver/Src/stm32f3xx_hal_i2c_ex.o
 .debug_rnglists
                0x00000677       0x66 ./Drivers/STM32F3xx_HAL_Driver/Src/stm32f3xx_hal_rcc.o
 .debug_rnglists
                0x000006dd       0x28 ./Drivers/STM32F3xx_HAL_Driver/Src/stm32f3xx_hal_rcc_ex.o
 .debug_rnglists
                0x00000705      0x1da ./Drivers/STM32F3xx_HAL_Driver/Src/stm32f3xx_hal_uart.o

.debug_macro    0x00000000    0x1d8f5
 .debug_macro   0x00000000      0x1df ./Core/Src/KEYPAD.o
 .debug_macro   0x000001df      0xab4 ./Core/Src/KEYPAD.o
 .debug_macro   0x00000c93       0x10 ./Core/Src/KEYPAD.o
 .debug_macro   0x00000ca3      0x151 ./Core/Src/KEYPAD.o
 .debug_macro   0x00000df4       0x2e ./Core/Src/KEYPAD.o
 .debug_macro   0x00000e22       0x28 ./Core/Src/KEYPAD.o
 .debug_macro   0x00000e4a       0x22 ./Core/Src/KEYPAD.o
 .debug_macro   0x00000e6c       0x8e ./Core/Src/KEYPAD.o
 .debug_macro   0x00000efa       0x51 ./Core/Src/KEYPAD.o
 .debug_macro   0x00000f4b      0x103 ./Core/Src/KEYPAD.o
 .debug_macro   0x0000104e       0x6a ./Core/Src/KEYPAD.o
 .debug_macro   0x000010b8      0x1df ./Core/Src/KEYPAD.o
 .debug_macro   0x00001297       0x1c ./Core/Src/KEYPAD.o
 .debug_macro   0x000012b3       0x22 ./Core/Src/KEYPAD.o
 .debug_macro   0x000012d5       0xd9 ./Core/Src/KEYPAD.o
 .debug_macro   0x000013ae     0x102d ./Core/Src/KEYPAD.o
 .debug_macro   0x000023db      0x11f ./Core/Src/KEYPAD.o
 .debug_macro   0x000024fa    0x12a3a ./Core/Src/KEYPAD.o
 .debug_macro   0x00014f34       0x6d ./Core/Src/KEYPAD.o
 .debug_macro   0x00014fa1     0x3574 ./Core/Src/KEYPAD.o
 .debug_macro   0x00018515      0x189 ./Core/Src/KEYPAD.o
 .debug_macro   0x0001869e       0x55 ./Core/Src/KEYPAD.o
 .debug_macro   0x000186f3      0x961 ./Core/Src/KEYPAD.o
 .debug_macro   0x00019054      0x5fe ./Core/Src/KEYPAD.o
 .debug_macro   0x00019652      0x1b5 ./Core/Src/KEYPAD.o
 .debug_macro   0x00019807      0x1fb ./Core/Src/KEYPAD.o
 .debug_macro   0x00019a02      0x1dc ./Core/Src/KEYPAD.o
 .debug_macro   0x00019bde      0x1bc ./Core/Src/KEYPAD.o
 .debug_macro   0x00019d9a       0x30 ./Core/Src/KEYPAD.o
 .debug_macro   0x00019dca       0x3c ./Core/Src/KEYPAD.o
 .debug_macro   0x00019e06      0x235 ./Core/Src/KEYPAD.o
 .debug_macro   0x0001a03b       0xc5 ./Core/Src/KEYPAD.o
 .debug_macro   0x0001a100      0x21d ./Core/Src/KEYPAD.o
 .debug_macro   0x0001a31d      0x22c ./Core/Src/KEYPAD.o
 .debug_macro   0x0001a549       0x5b ./Core/Src/KEYPAD.o
 .debug_macro   0x0001a5a4       0xa5 ./Core/Src/KEYPAD.o
 .debug_macro   0x0001a649       0x81 ./Core/Src/KEYPAD.o
 .debug_macro   0x0001a6ca       0xd3 ./Core/Src/KEYPAD.o
 .debug_macro   0x0001a79d      0x5ba ./Core/Src/KEYPAD.o
 .debug_macro   0x0001ad57       0x3e ./Core/Src/KEYPAD.o
 .debug_macro   0x0001ad95      0x275 ./Core/Src/KEYPAD.o
 .debug_macro   0x0001b00a       0x28 ./Core/Src/KEYPAD.o
 .debug_macro   0x0001b032      0x1d1 ./Core/Src/KEYPAD_cfg.o
 .debug_macro   0x0001b203      0x1e1 ./Core/Src/fingerprint.o
 .debug_macro   0x0001b3e4      0x10c ./Core/Src/fingerprint.o
 .debug_macro   0x0001b4f0       0x28 ./Core/Src/fingerprint.o
 .debug_macro   0x0001b518      0x26e ./Core/Src/main.o
 .debug_macro   0x0001b786       0x34 ./Core/Src/main.o
 .debug_macro   0x0001b7ba       0x22 ./Core/Src/main.o
 .debug_macro   0x0001b7dc       0xf4 ./Core/Src/main.o
 .debug_macro   0x0001b8d0       0x2e ./Core/Src/main.o
 .debug_macro   0x0001b8fe      0x2c2 ./Core/Src/ssd1306.o
 .debug_macro   0x0001bbc0       0x61 ./Core/Src/ssd1306.o
 .debug_macro   0x0001bc21       0x2a ./Core/Src/ssd1306.o
 .debug_macro   0x0001bc4b       0x43 ./Core/Src/ssd1306.o
 .debug_macro   0x0001bc8e       0x34 ./Core/Src/ssd1306.o
 .debug_macro   0x0001bcc2       0x16 ./Core/Src/ssd1306.o
 .debug_macro   0x0001bcd8       0x43 ./Core/Src/ssd1306.o
 .debug_macro   0x0001bd1b       0x34 ./Core/Src/ssd1306.o
 .debug_macro   0x0001bd4f       0x10 ./Core/Src/ssd1306.o
 .debug_macro   0x0001bd5f       0x58 ./Core/Src/ssd1306.o
 .debug_macro   0x0001bdb7       0x8e ./Core/Src/ssd1306.o
 .debug_macro   0x0001be45       0x1c ./Core/Src/ssd1306.o
 .debug_macro   0x0001be61      0x177 ./Core/Src/ssd1306.o
 .debug_macro   0x0001bfd8      0x369 ./Core/Src/ssd1306.o
 .debug_macro   0x0001c341       0x10 ./Core/Src/ssd1306.o
 .debug_macro   0x0001c351       0x35 ./Core/Src/ssd1306.o
 .debug_macro   0x0001c386       0x20 ./Core/Src/ssd1306.o
 .debug_macro   0x0001c3a6       0x72 ./Core/Src/ssd1306_font.o
 .debug_macro   0x0001c418       0x1c ./Core/Src/ssd1306_font.o
 .debug_macro   0x0001c434      0x1d2 ./Core/Src/stm32f3xx_hal_msp.o
 .debug_macro   0x0001c606      0x1dc ./Core/Src/stm32f3xx_it.o
 .debug_macro   0x0001c7e2      0x1c3 ./Core/Src/system_stm32f3xx.o
 .debug_macro   0x0001c9a5      0x1e7 ./Drivers/STM32F3xx_HAL_Driver/Src/stm32f3xx_hal.o
 .debug_macro   0x0001cb8c      0x1c3 ./Drivers/STM32F3xx_HAL_Driver/Src/stm32f3xx_hal_cortex.o
 .debug_macro   0x0001cd4f      0x1ca ./Drivers/STM32F3xx_HAL_Driver/Src/stm32f3xx_hal_gpio.o
 .debug_macro   0x0001cf19      0x28f ./Drivers/STM32F3xx_HAL_Driver/Src/stm32f3xx_hal_i2c.o
 .debug_macro   0x0001d1a8      0x1c3 ./Drivers/STM32F3xx_HAL_Driver/Src/stm32f3xx_hal_i2c_ex.o
 .debug_macro   0x0001d36b      0x1e7 ./Drivers/STM32F3xx_HAL_Driver/Src/stm32f3xx_hal_rcc.o
 .debug_macro   0x0001d552      0x1c3 ./Drivers/STM32F3xx_HAL_Driver/Src/stm32f3xx_hal_rcc_ex.o
 .debug_macro   0x0001d715      0x1e0 ./Drivers/STM32F3xx_HAL_Driver/Src/stm32f3xx_hal_uart.o

.debug_line     0x00000000    0x10893
 .debug_line    0x00000000      0xf05 ./Core/Src/KEYPAD.o
 .debug_line    0x00000f05      0x6c0 ./Core/Src/KEYPAD_cfg.o
 .debug_line    0x000015c5      0xace ./Core/Src/fingerprint.o
 .debug_line    0x00002093      0xb23 ./Core/Src/main.o
 .debug_line    0x00002bb6      0xd3e ./Core/Src/ssd1306.o
 .debug_line    0x000038f4      0x3b5 ./Core/Src/ssd1306_font.o
 .debug_line    0x00003ca9      0x78a ./Core/Src/stm32f3xx_hal_msp.o
 .debug_line    0x00004433      0x7bb ./Core/Src/stm32f3xx_it.o
 .debug_line    0x00004bee      0x757 ./Core/Src/system_stm32f3xx.o
 .debug_line    0x00005345       0x7a ./Core/Startup/startup_stm32f303vctx.o
 .debug_line    0x000053bf      0x98f ./Drivers/STM32F3xx_HAL_Driver/Src/stm32f3xx_hal.o
 .debug_line    0x00005d4e      0xc7c ./Drivers/STM32F3xx_HAL_Driver/Src/stm32f3xx_hal_cortex.o
 .debug_line    0x000069ca      0xb06 ./Drivers/STM32F3xx_HAL_Driver/Src/stm32f3xx_hal_gpio.o
 .debug_line    0x000074d0     0x3a06 ./Drivers/STM32F3xx_HAL_Driver/Src/stm32f3xx_hal_i2c.o
 .debug_line    0x0000aed6      0x8fb ./Drivers/STM32F3xx_HAL_Driver/Src/stm32f3xx_hal_i2c_ex.o
 .debug_line    0x0000b7d1     0x1323 ./Drivers/STM32F3xx_HAL_Driver/Src/stm32f3xx_hal_rcc.o
 .debug_line    0x0000caf4      0xcdd ./Drivers/STM32F3xx_HAL_Driver/Src/stm32f3xx_hal_rcc_ex.o
 .debug_line    0x0000d7d1     0x30c2 ./Drivers/STM32F3xx_HAL_Driver/Src/stm32f3xx_hal_uart.o

.debug_str      0x00000000    0xae8df
 .debug_str     0x00000000    0xa7446 ./Core/Src/KEYPAD.o
                              0xa7afa (size before relaxing)
 .debug_str     0x000a7446       0x19 ./Core/Src/KEYPAD_cfg.o
                              0xa797a (size before relaxing)
 .debug_str     0x000a745f      0xa38 ./Core/Src/fingerprint.o
                              0xa844a (size before relaxing)
 .debug_str     0x000a7e97      0xf2a ./Core/Src/main.o
                              0xa93f2 (size before relaxing)
 .debug_str     0x000a8dc1     0x351f ./Core/Src/ssd1306.o
                              0xabc18 (size before relaxing)
 .debug_str     0x000ac2e0       0x65 ./Core/Src/ssd1306_font.o
                               0x3e38 (size before relaxing)
 .debug_str     0x000ac345       0x8d ./Core/Src/stm32f3xx_hal_msp.o
                              0xa84a1 (size before relaxing)
 .debug_str     0x000ac3d2       0xf5 ./Core/Src/stm32f3xx_it.o
                              0xa7d4e (size before relaxing)
 .debug_str     0x000ac4c7       0xe9 ./Core/Src/system_stm32f3xx.o
                              0xa79db (size before relaxing)
 .debug_str     0x000ac5b0       0x44 ./Core/Startup/startup_stm32f303vctx.o
                                 0x7e (size before relaxing)
 .debug_str     0x000ac5f4      0x38b ./Drivers/STM32F3xx_HAL_Driver/Src/stm32f3xx_hal.o
                              0xa8219 (size before relaxing)
 .debug_str     0x000ac97f      0x38a ./Drivers/STM32F3xx_HAL_Driver/Src/stm32f3xx_hal_cortex.o
                              0xa829d (size before relaxing)
 .debug_str     0x000acd09       0xce ./Drivers/STM32F3xx_HAL_Driver/Src/stm32f3xx_hal_gpio.o
                              0xa7b48 (size before relaxing)
 .debug_str     0x000acdd7      0xe6f ./Drivers/STM32F3xx_HAL_Driver/Src/stm32f3xx_hal_i2c.o
                              0xa8cdb (size before relaxing)
 .debug_str     0x000adc46       0xb8 ./Drivers/STM32F3xx_HAL_Driver/Src/stm32f3xx_hal_i2c_ex.o
                              0xa7ed2 (size before relaxing)
 .debug_str     0x000adcfe      0x2c6 ./Drivers/STM32F3xx_HAL_Driver/Src/stm32f3xx_hal_rcc.o
                              0xa7e7b (size before relaxing)
 .debug_str     0x000adfc4       0xbe ./Drivers/STM32F3xx_HAL_Driver/Src/stm32f3xx_hal_rcc_ex.o
                              0xa7c3f (size before relaxing)
 .debug_str     0x000ae082      0x85d ./Drivers/STM32F3xx_HAL_Driver/Src/stm32f3xx_hal_uart.o
                              0xa86fe (size before relaxing)

.comment        0x00000000       0x43
 .comment       0x00000000       0x43 ./Core/Src/KEYPAD.o
                                 0x44 (size before relaxing)
 .comment       0x00000043       0x44 ./Core/Src/KEYPAD_cfg.o
 .comment       0x00000043       0x44 ./Core/Src/fingerprint.o
 .comment       0x00000043       0x44 ./Core/Src/main.o
 .comment       0x00000043       0x44 ./Core/Src/ssd1306.o
 .comment       0x00000043       0x44 ./Core/Src/ssd1306_font.o
 .comment       0x00000043       0x44 ./Core/Src/stm32f3xx_hal_msp.o
 .comment       0x00000043       0x44 ./Core/Src/stm32f3xx_it.o
 .comment       0x00000043       0x44 ./Core/Src/system_stm32f3xx.o
 .comment       0x00000043       0x44 ./Drivers/STM32F3xx_HAL_Driver/Src/stm32f3xx_hal.o
 .comment       0x00000043       0x44 ./Drivers/STM32F3xx_HAL_Driver/Src/stm32f3xx_hal_cortex.o
 .comment       0x00000043       0x44 ./Drivers/STM32F3xx_HAL_Driver/Src/stm32f3xx_hal_gpio.o
 .comment       0x00000043       0x44 ./Drivers/STM32F3xx_HAL_Driver/Src/stm32f3xx_hal_i2c.o
 .comment       0x00000043       0x44 ./Drivers/STM32F3xx_HAL_Driver/Src/stm32f3xx_hal_i2c_ex.o
 .comment       0x00000043       0x44 ./Drivers/STM32F3xx_HAL_Driver/Src/stm32f3xx_hal_rcc.o
 .comment       0x00000043       0x44 ./Drivers/STM32F3xx_HAL_Driver/Src/stm32f3xx_hal_rcc_ex.o
 .comment       0x00000043       0x44 ./Drivers/STM32F3xx_HAL_Driver/Src/stm32f3xx_hal_uart.o

.debug_frame    0x00000000     0x2e50
 .debug_frame   0x00000000       0x60 ./Core/Src/KEYPAD.o
 .debug_frame   0x00000060      0x238 ./Core/Src/fingerprint.o
 .debug_frame   0x00000298       0xf4 ./Core/Src/main.o
 .debug_frame   0x0000038c      0x4ec ./Core/Src/ssd1306.o
 .debug_frame   0x00000878       0xc8 ./Core/Src/stm32f3xx_hal_msp.o
 .debug_frame   0x00000940      0x120 ./Core/Src/stm32f3xx_it.o
 .debug_frame   0x00000a60       0x58 ./Core/Src/system_stm32f3xx.o
 .debug_frame   0x00000ab8      0x334 ./Drivers/STM32F3xx_HAL_Driver/Src/stm32f3xx_hal.o
 .debug_frame   0x00000dec      0x4e8 ./Drivers/STM32F3xx_HAL_Driver/Src/stm32f3xx_hal_cortex.o
 .debug_frame   0x000012d4      0x14c ./Drivers/STM32F3xx_HAL_Driver/Src/stm32f3xx_hal_gpio.o
 .debug_frame   0x00001420      0xc38 ./Drivers/STM32F3xx_HAL_Driver/Src/stm32f3xx_hal_i2c.o
 .debug_frame   0x00002058      0x100 ./Drivers/STM32F3xx_HAL_Driver/Src/stm32f3xx_hal_i2c_ex.o
 .debug_frame   0x00002158      0x214 ./Drivers/STM32F3xx_HAL_Driver/Src/stm32f3xx_hal_rcc.o
 .debug_frame   0x0000236c       0xb0 ./Drivers/STM32F3xx_HAL_Driver/Src/stm32f3xx_hal_rcc_ex.o
 .debug_frame   0x0000241c      0x9e8 ./Drivers/STM32F3xx_HAL_Driver/Src/stm32f3xx_hal_uart.o
 .debug_frame   0x00002e04       0x20 /Applications/STM32CubeIDE.app/Contents/Eclipse/plugins/com.st.stm32cube.ide.mcu.externaltools.gnu-tools-for-stm32.12.3.rel1.macos64_1.0.100.202403111906/tools/bin/../lib/gcc/arm-none-eabi/12.3.1/../../../../arm-none-eabi/lib/thumb/v7e-m+fp/hard/libc_nano.a(libc_a-memset.o)
 .debug_frame   0x00002e24       0x2c /Applications/STM32CubeIDE.app/Contents/Eclipse/plugins/com.st.stm32cube.ide.mcu.externaltools.gnu-tools-for-stm32.12.3.rel1.macos64_1.0.100.202403111906/tools/bin/../lib/gcc/arm-none-eabi/12.3.1/../../../../arm-none-eabi/lib/thumb/v7e-m+fp/hard/libc_nano.a(libc_a-init.o)

.debug_line_str
                0x00000000       0x62
 .debug_line_str
                0x00000000       0x62 ./Core/Startup/startup_stm32f303vctx.o
