../Core/Src/fingerprint.c:24:6:SendFPHeader	8	static
../Core/Src/fingerprint.c:29:6:SendFPGetImage	8	static
../Core/Src/fingerprint.c:34:6:SendFPCreateCharFile1	8	static
../Core/Src/fingerprint.c:39:6:SendFPCreateCharFile2	8	static
../Core/Src/fingerprint.c:44:6:SendFPCreateTemplate	8	static
../Core/Src/fingerprint.c:49:6:SendFPDeleteAllFinger	8	static
../Core/Src/fingerprint.c:54:6:SendFPDSearchFinger	8	static
../Core/Src/fingerprint.c:59:6:SendFGetNumberOfFinger	8	static
../Core/Src/fingerprint.c:65:6:SendStoreFinger	32	static
../Core/Src/fingerprint.c:90:6:SendDeleteFinger	32	static
../Core/Src/fingerprint.c:119:9:CheckFPRespsone	56	static
../Core/Src/fingerprint.c:160:9:GetNumberOfFinger	16	static
../Core/Src/fingerprint.c:175:9:RegistryNewFinger	24	static
../Core/Src/fingerprint.c:238:9:CheckFinger	16	static
../Core/Src/fingerprint.c:272:9:ProcessRegistryNewFinger	16	static
../Core/Src/fingerprint.c:315:6:DeleteAllFinger	16	static
../Core/Src/fingerprint.c:335:6:Delay_us	24	static,ignoring_inline_asm
